Informații tehnice - eFactura
Întrebări frecvente
Întrebări suplimentare pot fi transmise prin intermediul formularului de contact de pe portalul www.anaf.ro, categoria Asistență tehnică servicii informatice.
Sistemul național privind factura electronică RO e-Factura pentru instituții publice
Prezentare servicii web pentru Sistemul național privind factura electronică RO e-Factura
 Aplicații:
Versiuni curente:
Validatoare pentru sintaxele UBL (schemele Invoice -2 si CreditNote-2 ) si CII - 18.12.2023
Validatoare pentru sintaxele UBL (schemele Invoice -2 si CreditNote-2 ) si CII - 28.11.2022 au fost adăugate codurile  0214 0215 0216
         Istoricul versiunilor -Invoice
         Istoricul versiunilor -CreditNote
Aplicație conversie XML factură în PDF - 16.11.2023 - adaugată generarea PDF și pentru Credit Note   Instrucțiuni
Aplicație conversie XML in PDF pt toate facturile din folder - 23.11.2023    Instrucțiuni
Exemple pentru factura electronică si nota de creditare, sintaxa UBL- actualizat la data de 21.10.2022
Exemple orientative de factură electronică, sintaxa CII - actualizat la data de 12.11.2021
Arhive:
Artefacte de validare Schematron
Arhiva contine fișiere schematron(.sch) pentru verificarea regulilor operaționale(constrângeri de integritate și condiții) și a regulilor de TVA la modelul de baza al facturii (EN16931 CEN/TC 434),  a listelor de coduri utilizate in factura de bază și a specificațiilor nationale de utilizare CIUS-RO.
Ultima actualizare:
Artefacte de validare versiunea 1.0.8  pentru modificarea Specificațiilor tehnice și de utilizare a elementelor de bază ale facturii electronice — RO_CIUS — și a regulilor operaționale specifice aplicabile la nivel național, aprobate prin Ordinul ministrului finanțelor nr. 1.366/2021
Modificările pot fi consultate aici.
Versiunea  1.0.8 va fi valabilă incepând cu 29.12.2022.
ro16931-ubl-1.0.8 (07.12.2022)
Versiunea 1.0.7 rămâne în producție până la 28.12.2022, inclusiv.
ro16931-ubl-1.0.7 (18.10.2022)
Probleme rezolvate V1.0.7: Înlocuirea caracterelor speciale și românești în mesajele de eroare; corectarea mesajelor de eroare pentru BR-RO-100, BR-RO-160 si BR-RO-200ch).
 Swagger servicii web
- upload
- stare fișier transmis
- lista răspunsuri de descărcat
- descărcare
- validare
- xml-to-pdf


