Despre ANAF
Asistență Contribuabili
Servicii Online
Info publice
Info ANAF
Programe și Proiecte
Info UE
Integritate Instituțională
Contact