Pode≈°avanja
TEST
Sistem elektronskih faktura detalji nove verzije SEF-a 3.5
Detalji
Sistem elektronskih faktura detalji nove hitne ispravke 3.4.9
Detalji
Sistem elektronskih faktura detalji nove hitne ispravke 3.4.8
Detalji
Sistem elektronskih faktura detalji nove hitne ispravke 3.4.7
Detalji
Sistem elektronskih faktura detalji nove hitne ispravke 3.4.6
Detalji
Sistem elektronskih faktura detalji nove hitne ispravke 3.4.5
Detalji
Sistem elektronskih faktura detalji nove hitne ispravke 3.4.4
Detalji
Sistem elektronskih faktura detalji nove hitne ispravke 3.4
Detalji
Sistem elektronskih faktura detalji nove hitne ispravke 3.3.1
Detalji
Sistem elektronskih faktura detalji nove hitne ispravke 3.3
Detalji
Sistem elektronskih faktura detalji nove verzije SEF-a 3.2
Detalji
Sistem elektronskih faktura detalji nove hitne ispravke 3.1.6
Detalji
Sistem elektronskih faktura detalji nove hitne ispravke 3.1
Detalji
Sistem elektronskih faktura detalji nove verzije SEF-a 3.0
Detalji
Sistem elektronskih faktura detalji nove hitne ispravke 2.10
Detalji
Sistem elektronskih faktura detalji nove hitne ispravke 2.9
Detalji
Sistem elektronskih faktura detalji nove hitne ispravke 2.8
Detalji
Sistem elektronskih faktura detalji nove hitne ispravke 2.7
Detalji
Sistem elektronskih faktura detalji nove hitne ispravke 2.6
Detalji
Sistem elektronskih faktura detalji nove hitne ispravke 2.5
Detalji
Sistem elektronskih faktura detalji nove hitne ispravke 2.4
Detalji
Sistem elektronskih faktura detalji nove hitne ispravke 2.3
Detalji
Sistem elektronskih faktura detalji nove verzije 2.0
